<html>
<body>
<pre>
<h1>µVision Build Log</h1>
<h2>Project:</h2>
E:\v24be6b3\lpcproj\armproject\nodea\node a\node_a_tx.uvproj
Project File Date:  05/16/2025

<h2>Output:</h2>
Build target 'Target 1'
assembling Startup.s...
compiling interrupt_.c...
interrupt_.c(106): warning:  #61-D: integer operation result is out of range
interrupt_.c(106): warning:  #68-D: integer conversion resulted in a change of sign
compiling can_tx_.c...
compiling adc_driver.c...
compiling tx_nodea_can.c...
linking...
Program Size: Code=2700 RO-data=32 RW-data=12 ZI-data=1324  
FromELF: creating hex file...
"node_a_tx.axf" - 0 Error(s), 2 Warning(s).
Build target 'Target 1'
assembling Startup.s...
compiling interrupt_.c...
interrupt_.c(106): warning:  #61-D: integer operation result is out of range
interrupt_.c(106): warning:  #68-D: integer conversion resulted in a change of sign
compiling can_tx_.c...
compiling adc_driver.c...
compiling tx_nodea_can.c...
linking...
Program Size: Code=2700 RO-data=32 RW-data=12 ZI-data=1324  
FromELF: creating hex file...
"node_a_tx1.axf" - 0 Error(s), 2 Warning(s).
