<html>
<body>
<pre>
<h1>µVision Build Log</h1>
<h2>Project:</h2>
E:\v24be6b3\lpcproj\armproject\node b\node_b_rx.uvproj
Project File Date:  05/22/2025

<h2>Output:</h2>
Build target 'Target 1'
assembling Startup.s...
compiling can_rx_.c...
can_rx_.c(81): warning:  #223-D: function "sprintf" declared implicitly
compiling main.c...
compiling delay.c...
compiling LCD_8bit_driver.c...
linking...
Program Size: Code=2956 RO-data=32 RW-data=8 ZI-data=1272  
FromELF: creating hex file...
"node_b_rx1.axf" - 0 Error(s), 1 Warning(s).
